
> timeticking-frontend@0.1.0 dev
> next dev

  ▲ Next.js 15.0.0
  - Local:        http://localhost:3000

 ✓ Starting...
 ✓ Ready in 7.1s
 ○ Compiling / ...
 ✓ Compiled / in 9.9s (641 modules)
 HEAD / 200 in 10497ms
 GET / 200 in 33ms
 ○ Compiling /social ...
 ✓ Compiled /social in 1051ms (672 modules)
 GET /social 200 in 1097ms
 GET /social 200 in 25ms
 GET /social 200 in 30ms
 ✓ Compiled /_not-found in 195ms (661 modules)
 GET /api/socials/friends 404 in 276ms
 GET /api/users 404 in 272ms
 GET /api/socials/requests 404 in 265ms
 GET /api/socials/requests 404 in 66ms
 GET /api/socials/friends 404 in 65ms
 GET /api/users 404 in 37ms
 GET /api/socials/friends 404 in 53ms
 GET /api/socials/requests 404 in 44ms
 GET /api/users 404 in 45ms
 GET /api/socials/friends 404 in 39ms
 GET /api/socials/requests 404 in 42ms
 GET /api/users 404 in 25ms
 GET /api/socials/requests 404 in 45ms
 GET /api/socials/friends 404 in 47ms
 GET /api/users 404 in 61ms
 GET /api/socials/friends 404 in 43ms
 GET /api/socials/requests 404 in 43ms
 GET /api/users 404 in 14ms
 GET /api/socials/friends 404 in 39ms
 GET /api/users 404 in 30ms
 GET /api/socials/requests 404 in 29ms
 GET /api/socials/friends 404 in 17ms
 GET /api/users 404 in 34ms
 GET /api/socials/requests 404 in 35ms
 ✓ Compiled in 1111ms (672 modules)
 GET / 200 in 56ms
 GET / 200 in 68ms
 GET / 200 in 23ms
 ○ Compiling /calendar ...
 ✓ Compiled /calendar in 1284ms (772 modules)
 GET /calendar 200 in 1331ms
 GET / 200 in 11ms
 GET /calendar 200 in 10ms
 GET /social 200 in 12ms
 ✓ Compiled /_not-found in 173ms (775 modules)
 GET /api/socials/friends 404 in 259ms
 GET /api/users 404 in 186ms
 GET /api/socials/requests 404 in 230ms
 ○ Compiling /settings ...
 ✓ Compiled /planner in 1553ms (781 modules)
 GET /settings 200 in 1810ms
 GET /api/users 404 in 1785ms
 GET /api/socials/requests 404 in 1785ms
 GET /planner 200 in 802ms
 GET /api/socials/friends 404 in 1782ms
 GET /social 200 in 10ms
 GET /api/socials/requests 404 in 98ms
 GET /api/socials/friends 404 in 102ms
 GET /api/users 404 in 93ms
 GET /api/socials/friends 404 in 67ms
 GET /api/users 404 in 36ms
 GET /api/socials/requests 404 in 40ms
 GET /settings 200 in 8ms
 GET /social 200 in 7ms
 GET /api/socials/friends 404 in 56ms
 GET /api/users 404 in 59ms
 GET /api/socials/requests 404 in 59ms
 GET /api/socials/friends 404 in 59ms
 GET /api/users 404 in 41ms
 GET /api/socials/requests 404 in 37ms
 ✓ Compiled in 1446ms (795 modules)
 GET /social 200 in 61ms
 ✓ Compiled in 460ms (795 modules)
 GET /social 200 in 17ms
 ✓ Compiled in 910ms (795 modules)
 GET /social 200 in 34ms
 ✓ Compiled in 607ms (795 modules)
 GET /social 200 in 167ms
 ✓ Compiled in 383ms (735 modules)
 GET /social 200 in 73ms
 GET / 200 in 14ms
 ✓ Compiled /calendar in 161ms (399 modules)
 GET /calendar 200 in 190ms
 ✓ Compiled /planner in 179ms (402 modules)
 GET /planner 200 in 274ms
 GET /social 200 in 9ms
 ✓ Compiled /_not-found in 233ms (779 modules)
 GET /api/socials/requests 404 in 247ms
 GET /api/users 404 in 248ms
 GET /api/socials/friends 404 in 343ms
 GET /api/socials/friends 404 in 51ms
 GET /api/socials/requests 404 in 38ms
 GET /api/users 404 in 37ms
 GET /social 200 in 52ms
 ✓ Compiled in 2.1s (729 modules)
 GET /social 200 in 49ms
 GET / 200 in 47ms
 ✓ Compiled /calendar in 133ms (399 modules)
 GET /calendar 200 in 177ms
 GET /social 200 in 10ms
 ✓ Compiled /_not-found in 152ms (776 modules)
 GET /api/users 404 in 230ms
 GET /api/socials/requests 404 in 229ms
 GET /api/socials/friends 404 in 239ms
 GET /api/socials/friends 404 in 75ms
 GET /api/users 404 in 45ms
 GET /api/socials/requests 404 in 41ms
 GET /api/socials/friends 404 in 84ms
 GET /api/socials/requests 404 in 89ms
 GET /api/users 404 in 111ms
 GET /api/socials/friends 404 in 74ms
 GET /api/users 404 in 55ms
 GET /api/socials/requests 404 in 70ms
 GET /api/socials/friends 404 in 55ms
 GET /api/socials/requests 404 in 67ms
 GET /api/users 404 in 56ms
 GET /api/socials/friends 404 in 60ms
 GET /api/socials/requests 404 in 64ms
 GET /api/users 404 in 33ms
 GET /api/socials/friends 404 in 47ms
 GET /api/socials/requests 404 in 30ms
 GET /api/users 404 in 30ms
 GET /api/socials/friends 404 in 56ms
 GET /api/socials/requests 404 in 55ms
 GET /api/users 404 in 56ms
 GET /api/socials/requests 404 in 54ms
 GET /api/socials/friends 404 in 53ms
 GET /api/users 404 in 40ms
 GET /api/socials/requests 404 in 51ms
 GET /api/socials/friends 404 in 50ms
 GET /api/users 404 in 22ms
 GET /api/socials/requests 404 in 37ms
 GET /api/socials/friends 404 in 37ms
 GET /api/users 404 in 58ms
 GET /api/socials/friends 404 in 44ms
 GET /api/socials/requests 404 in 44ms
 GET /api/users 404 in 19ms
 GET /api/socials/friends 404 in 40ms
 GET /api/socials/requests 404 in 36ms
 GET /api/users 404 in 35ms
 GET /api/socials/friends 404 in 50ms
 GET /api/socials/requests 404 in 58ms
 GET /api/users 404 in 35ms
 GET /api/socials/requests 404 in 57ms
 GET /api/users 404 in 56ms
 GET /api/socials/friends 404 in 59ms
 GET /api/socials/requests 404 in 52ms
 GET /api/users 404 in 26ms
 GET /api/socials/friends 404 in 25ms
 GET /api/socials/requests 404 in 29ms
 GET /api/users 404 in 30ms
 GET /api/socials/friends 404 in 30ms
 GET /api/socials/requests 404 in 16ms
 GET /api/users 404 in 13ms
 GET /api/socials/friends 404 in 16ms
 GET /api/socials/friends 404 in 32ms
 GET /api/socials/requests 404 in 31ms
 GET /api/users 404 in 33ms
 GET /api/socials/friends 404 in 46ms
 GET /api/users 404 in 39ms
 GET /api/socials/requests 404 in 39ms
 GET /api/socials/requests 404 in 40ms
 GET /api/users 404 in 38ms
 GET /api/socials/friends 404 in 32ms
 GET /api/socials/requests 404 in 29ms
 GET /api/users 404 in 34ms
 GET /api/socials/friends 404 in 36ms
 GET /api/socials/requests 404 in 37ms
 GET /api/users 404 in 49ms
 GET /api/socials/friends 404 in 42ms
 GET /api/socials/requests 404 in 39ms
 GET /api/users 404 in 30ms
 GET /api/socials/friends 404 in 17ms
 GET /api/socials/friends 404 in 41ms
 GET /api/users 404 in 28ms
 GET /api/socials/requests 404 in 30ms
 GET /api/socials/friends 404 in 16ms
 GET /api/socials/requests 404 in 25ms
 GET /api/users 404 in 24ms
 GET /api/socials/friends 404 in 45ms
 GET /api/socials/requests 404 in 45ms
 GET /api/users 404 in 43ms
 GET /api/socials/friends 404 in 31ms
 GET /api/socials/requests 404 in 15ms
 GET /api/users 404 in 14ms
 GET /api/socials/friends 404 in 30ms
 GET /api/socials/requests 404 in 33ms
 GET /api/users 404 in 16ms
 GET /api/socials/friends 404 in 42ms
 GET /api/socials/requests 404 in 42ms
 GET /api/users 404 in 27ms
 GET /api/socials/friends 404 in 42ms
 GET /api/socials/requests 404 in 31ms
 GET /api/users 404 in 32ms
 GET /api/socials/friends 404 in 19ms
 GET /api/socials/requests 404 in 28ms
 GET /api/users 404 in 21ms
 GET /api/socials/friends 404 in 43ms
 GET /api/socials/requests 404 in 41ms
 GET /api/users 404 in 18ms
 GET /api/socials/friends 404 in 33ms
 GET /api/socials/requests 404 in 35ms
 GET /api/users 404 in 19ms
 GET /api/socials/friends 404 in 36ms
 GET /api/socials/requests 404 in 39ms
 GET /api/users 404 in 37ms
 GET /api/socials/friends 404 in 40ms
 GET /api/socials/requests 404 in 37ms
 GET /api/users 404 in 17ms
 GET /api/socials/friends 404 in 37ms
 GET /api/users 404 in 57ms
 GET /api/socials/requests 404 in 64ms
 GET /api/socials/friends 404 in 71ms
 GET /api/users 404 in 67ms
 GET /api/socials/requests 404 in 31ms
 GET /api/socials/friends 404 in 49ms
 GET /api/users 404 in 60ms
 GET /api/socials/requests 404 in 60ms
 GET /api/socials/friends 404 in 46ms
 GET /api/users 404 in 30ms
 GET /api/socials/requests 404 in 24ms
 GET /api/socials/friends 404 in 16ms
 GET /api/users 404 in 28ms
 GET /api/socials/requests 404 in 18ms
 GET /api/socials/friends 404 in 15ms
 GET /api/users 404 in 25ms
 GET /api/socials/requests 404 in 23ms
 GET /api/socials/friends 404 in 47ms
 GET /api/users 404 in 50ms
 GET /api/socials/requests 404 in 56ms
 GET /api/socials/friends 404 in 42ms
 GET /api/users 404 in 26ms
 GET /api/socials/requests 404 in 31ms
 GET /api/socials/requests 404 in 24ms
 GET /api/users 404 in 26ms
 GET /api/socials/friends 404 in 16ms
 GET /api/socials/requests 404 in 71ms
 GET /api/users 404 in 78ms
 GET /api/socials/friends 404 in 78ms
 GET /api/socials/requests 404 in 57ms
 GET /api/users 404 in 30ms
 GET /api/socials/friends 404 in 30ms
 GET /api/socials/requests 404 in 41ms
 GET /api/users 404 in 32ms
 GET /api/socials/friends 404 in 17ms
 GET /api/socials/friends 404 in 61ms
 GET /api/socials/requests 404 in 54ms
 GET /api/users 404 in 54ms
 GET /api/socials/friends 404 in 39ms
 GET /api/socials/requests 404 in 33ms
 GET /api/users 404 in 21ms
 GET /api/socials/friends 404 in 39ms
 GET /api/users 404 in 29ms
 GET /api/socials/requests 404 in 29ms
 GET /api/socials/friends 404 in 15ms
 GET /api/users 404 in 41ms
 GET /api/socials/requests 404 in 38ms
 GET /api/socials/friends 404 in 22ms
 GET /api/users 404 in 43ms
 GET /api/socials/requests 404 in 44ms
 GET /api/socials/friends 404 in 25ms
 GET /api/socials/requests 404 in 24ms
 GET /api/users 404 in 26ms
 GET /api/socials/friends 404 in 42ms
 GET /api/socials/requests 404 in 41ms
 GET /api/users 404 in 28ms
 GET /api/socials/friends 404 in 39ms
 GET /api/socials/requests 404 in 43ms
 GET /api/users 404 in 22ms
 GET /api/socials/requests 404 in 37ms
 GET /api/socials/friends 404 in 41ms
 GET /api/users 404 in 32ms
 GET /api/socials/friends 404 in 28ms
 GET /api/socials/requests 404 in 29ms
 GET /api/users 404 in 20ms
 GET /api/socials/friends 404 in 37ms
 GET /api/socials/requests 404 in 40ms
 GET /api/users 404 in 34ms
 GET /api/socials/friends 404 in 46ms
 GET /api/socials/requests 404 in 31ms
 GET /api/users 404 in 30ms
 GET /api/socials/friends 404 in 38ms
 GET /api/socials/requests 404 in 37ms
 GET /api/users 404 in 28ms
 GET /api/socials/friends 404 in 26ms
 GET /api/socials/requests 404 in 45ms
 GET /api/users 404 in 56ms
 GET /api/socials/friends 404 in 43ms
 GET /api/users 404 in 33ms
 GET /api/socials/requests 404 in 52ms
 GET /api/socials/friends 404 in 28ms
 GET /api/users 404 in 19ms
 GET /api/socials/requests 404 in 23ms
 GET /api/socials/friends 404 in 13ms
 GET /api/socials/requests 404 in 26ms
 GET /api/users 404 in 15ms
 GET /api/socials/friends 404 in 36ms
 GET /api/socials/requests 404 in 32ms
 GET /api/users 404 in 16ms
 GET /api/socials/friends 404 in 44ms
 GET /api/socials/requests 404 in 43ms
 GET /api/users 404 in 27ms
 GET /api/socials/friends 404 in 31ms
 GET /api/socials/requests 404 in 36ms
 GET /api/users 404 in 24ms
 GET /api/socials/friends 404 in 44ms
 GET /api/users 404 in 30ms
 GET /api/socials/requests 404 in 33ms
 GET /api/socials/friends 404 in 16ms
 GET /api/users 404 in 24ms
 GET /api/socials/requests 404 in 34ms
 GET /api/socials/friends 404 in 53ms
 GET /api/socials/requests 404 in 22ms
 GET /api/users 404 in 21ms
 GET /api/socials/friends 404 in 12ms
 GET /api/socials/requests 404 in 23ms
 GET /api/users 404 in 17ms
 GET /api/users 404 in 137ms
 GET /api/socials/friends 404 in 144ms
 GET /api/socials/requests 404 in 237ms
 GET /api/socials/requests 404 in 116ms
 GET /api/socials/friends 404 in 115ms
 GET /api/users 404 in 118ms
 GET /api/socials/friends 404 in 34ms
 GET /api/socials/requests 404 in 34ms
 GET /api/users 404 in 34ms
 GET /api/socials/friends 404 in 47ms
 GET /api/socials/requests 404 in 47ms
 GET /api/users 404 in 47ms
 GET /api/socials/friends 404 in 70ms
 GET /api/socials/requests 404 in 62ms
 GET /api/users 404 in 58ms
 GET /api/socials/friends 404 in 34ms
 GET /api/socials/requests 404 in 20ms
 GET /api/users 404 in 36ms
 GET /api/socials/requests 404 in 35ms
 GET /api/users 404 in 33ms
 GET /api/socials/friends 404 in 33ms
 GET /api/socials/requests 404 in 39ms
 GET /api/socials/friends 404 in 24ms
 GET /api/users 404 in 25ms
 GET /api/socials/requests 404 in 33ms
 GET /api/socials/friends 404 in 32ms
 GET /api/users 404 in 25ms
 GET /api/socials/requests 404 in 31ms
 GET /api/socials/friends 404 in 28ms
 GET /api/users 404 in 26ms
 GET /api/socials/requests 404 in 15ms
 GET /api/socials/friends 404 in 24ms
 GET /api/users 404 in 13ms
 GET /api/socials/requests 404 in 32ms
 GET /api/socials/friends 404 in 27ms
 GET /api/users 404 in 15ms
 GET /api/socials/requests 404 in 50ms
 GET /api/users 404 in 50ms
 GET /api/socials/friends 404 in 50ms
 GET /api/socials/requests 404 in 69ms
 GET /api/socials/friends 404 in 42ms
 GET /api/users 404 in 44ms
 GET /api/socials/requests 404 in 33ms
 GET /api/socials/friends 404 in 24ms
 GET /api/users 404 in 23ms
 GET /api/socials/requests 404 in 12ms
 GET /api/socials/friends 404 in 26ms
 GET /api/users 404 in 20ms
 GET /api/socials/requests 404 in 24ms
 GET /api/socials/friends 404 in 16ms
 GET /api/users 404 in 36ms
 GET /api/socials/requests 404 in 36ms
 GET /api/socials/friends 404 in 16ms
 GET /api/users 404 in 19ms
 GET /api/socials/friends 404 in 31ms
 GET /api/users 404 in 22ms
 GET /api/socials/requests 404 in 21ms
 GET /api/socials/friends 404 in 11ms
 GET /api/users 404 in 24ms
 GET /api/socials/requests 404 in 23ms
 GET /api/socials/friends 404 in 35ms
 GET /api/users 404 in 33ms
 GET /api/socials/requests 404 in 27ms
 GET /api/socials/friends 404 in 28ms
 GET /api/users 404 in 27ms
 GET /api/socials/requests 404 in 21ms
 GET /api/socials/friends 404 in 27ms
 GET /api/users 404 in 31ms
 GET /api/socials/requests 404 in 36ms
 GET /api/socials/friends 404 in 31ms
 GET /api/users 404 in 15ms
 GET /api/socials/requests 404 in 11ms
 GET /api/socials/friends 404 in 38ms
 GET /api/socials/requests 404 in 26ms
 GET /api/users 404 in 28ms
 GET /api/socials/friends 404 in 14ms
 GET /api/users 404 in 22ms
 GET /api/socials/requests 404 in 22ms
 GET /api/socials/friends 404 in 37ms
 GET /api/socials/requests 404 in 37ms
 GET /api/users 404 in 24ms
 GET /api/socials/friends 404 in 11ms
 GET /api/socials/requests 404 in 29ms
 GET /api/users 404 in 32ms
 GET /api/socials/friends 404 in 38ms
 GET /api/socials/requests 404 in 40ms
 GET /api/users 404 in 33ms
 GET /api/socials/friends 404 in 29ms
 GET /api/socials/requests 404 in 27ms
 GET /api/users 404 in 15ms
 GET /api/socials/friends 404 in 39ms
 GET /api/users 404 in 35ms
 GET /api/socials/requests 404 in 29ms
 GET /api/socials/friends 404 in 12ms
 GET /api/users 404 in 22ms
 GET /api/socials/requests 404 in 14ms
 GET /api/socials/friends 404 in 39ms
 GET /api/socials/requests 404 in 38ms
 GET /api/users 404 in 23ms
 GET /api/socials/friends 404 in 15ms
 GET /api/users 404 in 23ms
 GET /api/socials/requests 404 in 23ms
 GET /api/socials/friends 404 in 10ms
 GET /api/users 404 in 36ms
 GET /api/socials/requests 404 in 36ms
 GET /api/socials/friends 404 in 15ms
 GET /api/users 404 in 28ms
 GET /api/socials/requests 404 in 15ms
 GET /api/socials/friends 404 in 48ms
 GET /api/socials/requests 404 in 47ms
 GET /api/users 404 in 38ms
 GET /api/socials/friends 404 in 35ms
 GET /api/socials/requests 404 in 18ms
 GET /api/users 404 in 12ms
 GET /api/socials/friends 404 in 35ms
 GET /api/socials/requests 404 in 27ms
 GET /api/users 404 in 28ms
 GET /api/socials/friends 404 in 14ms
 GET /api/socials/requests 404 in 21ms
 GET /api/users 404 in 21ms
 GET /api/socials/friends 404 in 24ms
 GET /api/socials/requests 404 in 14ms
 GET /api/users 404 in 10ms
 GET /api/socials/friends 404 in 25ms
 GET /api/socials/requests 404 in 14ms
 GET /api/users 404 in 12ms
 GET /api/socials/friends 404 in 36ms
 GET /api/socials/requests 404 in 37ms
 GET /api/users 404 in 24ms
 GET /api/socials/friends 404 in 31ms
 GET /api/socials/requests 404 in 13ms
 GET /api/users 404 in 12ms
 GET /api/socials/friends 404 in 34ms
 GET /api/users 404 in 32ms
 GET /api/socials/requests 404 in 24ms
 GET /api/socials/friends 404 in 29ms
 GET /api/users 404 in 27ms
 GET /api/socials/requests 404 in 19ms
 GET /api/socials/friends 404 in 25ms
 GET /api/users 404 in 16ms
 GET /api/socials/requests 404 in 26ms
 GET /api/socials/friends 404 in 16ms
 GET /api/users 404 in 29ms
 GET /api/socials/requests 404 in 14ms
 GET /api/users 404 in 25ms
 GET /api/socials/requests 404 in 26ms
 GET /api/socials/friends 404 in 26ms
 GET /api/socials/requests 404 in 48ms
 GET /api/users 404 in 46ms
 GET /api/socials/friends 404 in 40ms
 GET /api/socials/friends 404 in 72ms
 GET /api/users 404 in 57ms
 GET /api/socials/requests 404 in 58ms
 GET /api/socials/friends 404 in 19ms
 GET /api/users 404 in 47ms
 GET /api/socials/friends 404 in 48ms
 GET /api/socials/requests 404 in 40ms
 GET /api/users 404 in 68ms
 GET /api/socials/friends 404 in 93ms
 GET /api/socials/requests 404 in 97ms
 GET /api/users 404 in 67ms
 GET /api/socials/requests 404 in 33ms
 GET /api/socials/friends 404 in 49ms
 GET /api/socials/requests 404 in 42ms
 GET /api/users 404 in 44ms
 GET /api/socials/friends 404 in 63ms
 GET /api/users 404 in 50ms
 GET /api/socials/requests 404 in 47ms
 GET /api/socials/friends 404 in 47ms
 GET /api/users 404 in 46ms
 GET /api/socials/requests 404 in 45ms
 GET /api/socials/friends 404 in 14ms
 GET /api/socials/requests 404 in 69ms
 GET /api/users 404 in 71ms
 GET /api/socials/friends 404 in 73ms
 GET /api/socials/requests 404 in 51ms
 GET /api/users 404 in 48ms
 GET /api/socials/friends 404 in 20ms
 GET /api/socials/requests 404 in 23ms
 GET /api/users 404 in 23ms
 GET /api/socials/requests 404 in 53ms
 GET /api/users 404 in 56ms
 GET /api/socials/friends 404 in 58ms
 GET /api/socials/requests 404 in 71ms
 GET /api/users 404 in 56ms
 GET /api/socials/friends 404 in 52ms
 GET /api/socials/requests 404 in 43ms
 GET /api/users 404 in 41ms
 GET /api/socials/friends 404 in 53ms
 GET /api/socials/requests 404 in 49ms
 GET /api/users 404 in 48ms
 GET /api/socials/friends 404 in 32ms
 GET /api/socials/requests 404 in 18ms
 GET /api/socials/friends 404 in 35ms
 GET /api/users 404 in 36ms
 GET /api/socials/requests 404 in 17ms
 GET /api/users 404 in 51ms
 GET /api/socials/friends 404 in 50ms
 GET /api/socials/friends 404 in 39ms
 GET /api/socials/requests 404 in 39ms
 GET /api/users 404 in 27ms
 GET /api/socials/friends 404 in 36ms
 GET /api/socials/requests 404 in 34ms
 GET /api/users 404 in 22ms
 GET /api/socials/friends 404 in 44ms
 GET /api/socials/requests 404 in 43ms
 GET /api/users 404 in 26ms
 GET /api/socials/friends 404 in 31ms
 GET /api/socials/requests 404 in 38ms
 GET /api/users 404 in 48ms
 GET /api/socials/friends 404 in 26ms
 GET /api/socials/requests 404 in 26ms
 GET /api/users 404 in 23ms
 GET /api/socials/requests 404 in 69ms
 GET /api/socials/friends 404 in 74ms
 GET /api/users 404 in 65ms
 GET /api/socials/friends 404 in 56ms
 GET /api/socials/requests 404 in 60ms
 GET /api/users 404 in 75ms
 GET /api/socials/friends 404 in 61ms
 GET /api/socials/requests 404 in 55ms
 GET /api/users 404 in 25ms
 GET /api/socials/friends 404 in 44ms
 GET /api/users 404 in 43ms
 GET /api/socials/requests 404 in 44ms
 GET /api/socials/friends 404 in 49ms
 GET /api/users 404 in 47ms
 GET /api/socials/requests 404 in 20ms
 GET /api/socials/friends 404 in 73ms
 GET /api/users 404 in 114ms
 GET /api/socials/requests 404 in 100ms
 GET /api/socials/friends 404 in 82ms
 GET /api/users 404 in 65ms
 GET /api/socials/requests 404 in 24ms
 GET /api/users 404 in 72ms
 GET /api/socials/friends 404 in 75ms
 GET /api/socials/requests 404 in 81ms
 GET /api/socials/friends 404 in 60ms
 GET /api/users 404 in 59ms
 GET /api/socials/requests 404 in 35ms
 GET /api/socials/friends 404 in 42ms
 GET /api/socials/requests 404 in 42ms
 GET /api/users 404 in 41ms
 GET /api/socials/friends 404 in 18ms
 GET /api/users 404 in 18ms
 GET /api/socials/requests 404 in 20ms
 GET /api/socials/friends 404 in 12ms
 GET /api/socials/requests 404 in 28ms
 GET /api/users 404 in 28ms
 GET /api/socials/friends 404 in 39ms
 GET /api/socials/requests 404 in 26ms
 GET /api/users 404 in 26ms
 GET /api/socials/friends 404 in 44ms
 GET /api/socials/requests 404 in 30ms
 GET /api/users 404 in 29ms
 GET /api/socials/friends 404 in 16ms
 GET /api/socials/requests 404 in 21ms
 GET /api/users 404 in 20ms
 GET /api/socials/friends 404 in 50ms
 GET /api/socials/requests 404 in 50ms
 GET /api/users 404 in 51ms
 GET /api/socials/friends 404 in 42ms
 GET /api/socials/requests 404 in 28ms
 GET /api/users 404 in 26ms
 GET /api/socials/friends 404 in 41ms
 GET /api/socials/requests 404 in 31ms
 GET /api/users 404 in 28ms
 GET /api/socials/friends 404 in 45ms
 GET /api/users 404 in 27ms
 GET /api/socials/requests 404 in 27ms
 GET /api/socials/friends 404 in 12ms
 GET /api/socials/requests 404 in 36ms
 GET /api/users 404 in 42ms
 GET /api/socials/friends 404 in 50ms
 GET /api/socials/requests 404 in 28ms
 GET /api/users 404 in 27ms
 GET /api/socials/friends 404 in 34ms
 GET /api/socials/requests 404 in 21ms
 GET /api/users 404 in 23ms
 GET /api/socials/friends 404 in 47ms
 GET /api/users 404 in 40ms
 GET /api/socials/requests 404 in 37ms
 GET /api/socials/friends 404 in 33ms
 GET /api/users 404 in 29ms
 GET /api/socials/requests 404 in 18ms
 GET /api/socials/friends 404 in 34ms
 GET /api/users 404 in 33ms
 GET /api/socials/requests 404 in 16ms
 GET /api/socials/requests 404 in 36ms
 GET /api/users 404 in 24ms
 GET /api/socials/friends 404 in 34ms
 GET /api/socials/requests 404 in 13ms
 GET /api/socials/friends 404 in 35ms
 GET /api/users 404 in 16ms
 GET /api/socials/friends 404 in 28ms
 GET /api/socials/requests 404 in 33ms
 GET /api/users 404 in 32ms
 GET /api/socials/friends 404 in 18ms
 GET /api/socials/requests 404 in 40ms
 GET /api/users 404 in 29ms
 GET /api/socials/friends 404 in 35ms
 GET /api/socials/requests 404 in 30ms
 GET /api/users 404 in 17ms
 GET /api/socials/friends 404 in 25ms
 GET /api/socials/requests 404 in 24ms
 GET /api/users 404 in 17ms
 GET /api/socials/friends 404 in 43ms
 GET /api/socials/requests 404 in 40ms
 GET /api/users 404 in 30ms
 GET /api/socials/friends 404 in 67ms
 GET /api/socials/requests 404 in 46ms
 GET /api/users 404 in 44ms
 GET /api/socials/requests 404 in 46ms
 GET /api/socials/friends 404 in 49ms
 GET /api/users 404 in 49ms
 GET /api/socials/requests 404 in 36ms
 GET /api/socials/friends 404 in 38ms
 GET /api/users 404 in 17ms
 GET /api/socials/friends 404 in 23ms
 GET /api/socials/requests 404 in 23ms
 GET /api/users 404 in 13ms
 GET /api/socials/friends 404 in 22ms
 GET /api/socials/requests 404 in 16ms
 GET /api/users 404 in 18ms
 GET /api/socials/friends 404 in 36ms
 GET /api/users 404 in 22ms
 GET /api/socials/requests 404 in 30ms
 GET /api/socials/friends 404 in 12ms
 GET /api/socials/requests 404 in 28ms
 GET /api/users 404 in 28ms
 GET /api/socials/friends 404 in 51ms
 GET /api/users 404 in 50ms
 GET /api/socials/requests 404 in 53ms
 GET /api/socials/friends 404 in 29ms
 GET /api/users 404 in 80ms
 GET /api/socials/requests 404 in 77ms
 GET /api/socials/friends 404 in 60ms
 GET /api/users 404 in 59ms
 GET /api/socials/requests 404 in 51ms
 GET /api/socials/friends 404 in 37ms
 GET /api/socials/requests 404 in 16ms
 GET /api/users 404 in 31ms
 GET /api/users 404 in 36ms
 GET /api/socials/friends 404 in 29ms
 GET /api/socials/requests 404 in 41ms
 GET /api/socials/requests 404 in 36ms
 GET /api/users 404 in 27ms
 GET /api/socials/friends 404 in 25ms
 GET /api/socials/friends 404 in 36ms
 GET /api/socials/requests 404 in 31ms
 GET /api/users 404 in 31ms
 GET /api/socials/friends 404 in 16ms
 GET /api/users 404 in 16ms
 GET /api/socials/requests 404 in 19ms
 GET /api/socials/friends 404 in 12ms
 GET /api/socials/requests 404 in 22ms
 GET /api/users 404 in 20ms
 GET /api/socials/friends 404 in 27ms
 GET /api/socials/requests 404 in 14ms
 GET /api/users 404 in 13ms
 GET /api/socials/friends 404 in 33ms
 GET /api/users 404 in 23ms
 GET /api/socials/requests 404 in 26ms
 GET /api/socials/friends 404 in 17ms
 GET /api/socials/requests 404 in 30ms
 GET /api/users 404 in 19ms
 GET /api/socials/requests 404 in 34ms
 GET /api/users 404 in 35ms
 GET /api/socials/friends 404 in 18ms
 GET /api/users 404 in 20ms
 GET /api/socials/requests 404 in 22ms
 GET /api/socials/friends 404 in 11ms
 GET /api/socials/requests 404 in 35ms
 GET /api/users 404 in 35ms
 GET /api/socials/friends 404 in 20ms
 GET /api/socials/requests 404 in 33ms
 GET /api/users 404 in 29ms
 GET /api/socials/friends 404 in 16ms
 GET /api/socials/requests 404 in 34ms
 GET /api/users 404 in 29ms
 GET /api/socials/friends 404 in 26ms
 GET /api/socials/requests 404 in 30ms
 GET /api/users 404 in 32ms
 GET /api/socials/friends 404 in 15ms
 GET /api/socials/friends 404 in 60ms
 GET /api/users 404 in 64ms
 GET /api/socials/requests 404 in 69ms
 GET /api/socials/friends 404 in 54ms
 GET /api/users 404 in 33ms
 GET /api/socials/requests 404 in 32ms
 GET /api/socials/friends 404 in 30ms
 GET /api/users 404 in 16ms
 GET /api/socials/requests 404 in 25ms
 GET /api/socials/friends 404 in 25ms
 GET /api/users 404 in 52ms
 GET /api/socials/requests 404 in 39ms
 GET /api/socials/friends 404 in 30ms
 GET /api/users 404 in 21ms
 GET /api/socials/requests 404 in 23ms
 GET /api/socials/friends 404 in 12ms
 GET /api/users 404 in 17ms
 GET /api/socials/requests 404 in 19ms
 GET /api/socials/friends 404 in 31ms
 GET /api/users 404 in 28ms
 GET /api/socials/requests 404 in 29ms
 GET /api/socials/friends 404 in 11ms
 GET /api/socials/requests 404 in 21ms
 GET /api/users 404 in 15ms
 GET /api/socials/friends 404 in 37ms
 GET /api/socials/requests 404 in 31ms
 GET /api/users 404 in 28ms
 GET /api/socials/friends 404 in 19ms
 GET /api/socials/requests 404 in 26ms
 GET /api/users 404 in 14ms
 GET /api/socials/requests 404 in 37ms
 GET /api/socials/friends 404 in 36ms
 GET /api/users 404 in 31ms
 GET /api/socials/requests 404 in 19ms
 GET /api/socials/friends 404 in 20ms
 GET /api/users 404 in 12ms
 GET /api/socials/friends 404 in 33ms
 GET /api/socials/requests 404 in 25ms
 GET /api/users 404 in 23ms
 GET /api/socials/friends 404 in 13ms
 GET /api/socials/requests 404 in 20ms
 GET /api/users 404 in 19ms
 GET /api/socials/friends 404 in 10ms
 GET /api/socials/requests 404 in 40ms
 GET /api/users 404 in 42ms
 GET /api/socials/friends 404 in 31ms
 GET /api/socials/requests 404 in 29ms
 GET /api/users 404 in 16ms
 GET /api/socials/friends 404 in 41ms
 GET /api/users 404 in 30ms
 GET /api/socials/requests 404 in 39ms
 GET /api/socials/friends 404 in 32ms
 GET /api/users 404 in 20ms
 GET /api/socials/requests 404 in 22ms
 GET /api/socials/friends 404 in 32ms
 GET /api/socials/requests 404 in 36ms
 GET /api/users 404 in 30ms
 GET /api/socials/friends 404 in 32ms
 GET /api/socials/requests 404 in 23ms
 GET /api/users 404 in 21ms
 GET /api/socials/friends 404 in 12ms
 GET /api/socials/requests 404 in 39ms
 GET /api/users 404 in 38ms
 GET /api/socials/friends 404 in 32ms
 GET /api/socials/requests 404 in 27ms
 GET /api/users 404 in 15ms
 GET /api/socials/friends 404 in 38ms
 GET /api/socials/requests 404 in 36ms
 GET /api/users 404 in 26ms
 GET /api/socials/friends 404 in 40ms
 GET /api/socials/requests 404 in 22ms
 GET /api/users 404 in 22ms
 GET /api/socials/friends 404 in 37ms
 GET /api/socials/requests 404 in 26ms
 GET /api/users 404 in 25ms
 GET /api/socials/friends 404 in 14ms
 GET /api/socials/requests 404 in 37ms
 GET /api/users 404 in 37ms
 GET /api/socials/friends 404 in 21ms
 GET /api/socials/requests 404 in 30ms
 GET /api/users 404 in 29ms
 GET /api/socials/friends 404 in 13ms
 GET /api/socials/requests 404 in 22ms
 GET /api/users 404 in 14ms
 GET /api/socials/friends 404 in 29ms
 GET /api/socials/requests 404 in 20ms
 GET /api/users 404 in 22ms
 GET /api/socials/friends 404 in 12ms
 GET /api/users 404 in 22ms
 GET /api/socials/requests 404 in 22ms
 GET /api/socials/friends 404 in 31ms
 GET /api/users 404 in 21ms
 GET /api/socials/requests 404 in 24ms
 GET /api/socials/friends 404 in 13ms
 GET /api/users 404 in 191ms
 GET /api/socials/requests 404 in 202ms
 GET /api/socials/friends 404 in 187ms
 GET /api/users 404 in 177ms
 GET /api/socials/requests 404 in 161ms
 GET /api/socials/friends 404 in 25ms
 GET /api/users 404 in 27ms
 GET /api/socials/requests 404 in 24ms
 GET /api/socials/friends 404 in 39ms
 GET /api/socials/requests 404 in 29ms
 GET /api/users 404 in 29ms
 GET /api/socials/friends 404 in 29ms
 GET /api/socials/requests 404 in 26ms
 GET /api/users 404 in 16ms
 ✓ Compiled in 818ms (729 modules)
 GET /social 200 in 70ms
 GET /social 200 in 16ms
 ✓ Compiled in 584ms (729 modules)
 GET /social 200 in 99ms
 GET /social 200 in 70ms
 ✓ Compiled in 338ms (729 modules)
 GET /social 200 in 69ms
 GET /social 200 in 28ms
 ✓ Compiled /_not-found in 123ms (718 modules)
 GET /api/socials/friends 404 in 208ms
 GET /api/socials/requests 404 in 192ms
 GET /api/users 404 in 194ms
 GET /api/socials/requests 404 in 41ms
 GET /api/socials/friends 404 in 31ms
 GET /api/users 404 in 33ms
 GET /api/socials/requests 404 in 38ms
 GET /api/users 404 in 87ms
 GET /api/socials/friends 404 in 242ms
 GET /api/socials/requests 404 in 235ms
 GET /api/users 404 in 223ms
 GET /api/socials/friends 404 in 202ms
 GET /api/users 404 in 47ms
 GET /api/socials/requests 404 in 47ms
 GET /api/socials/friends 404 in 15ms
 GET /api/users 404 in 85ms
 GET /api/socials/requests 404 in 88ms
 GET /api/socials/friends 404 in 41ms
 GET /api/socials/friends 404 in 34ms
 GET /api/users 404 in 33ms
 GET /api/socials/requests 404 in 23ms
 GET /api/socials/friends 404 in 13ms
 GET /api/users 404 in 40ms
 GET /api/socials/requests 404 in 84ms
 GET /api/socials/friends 404 in 82ms
 GET /api/users 404 in 73ms
 GET /api/socials/requests 404 in 44ms
 GET /api/socials/friends 404 in 19ms
 GET /api/socials/requests 404 in 18ms
 GET /api/users 404 in 19ms
 GET /api/socials/friends 404 in 16ms
 GET /api/socials/requests 404 in 50ms
 GET /api/users 404 in 49ms
 GET /api/socials/friends 404 in 38ms
 GET /api/socials/requests 404 in 31ms
 GET /api/users 404 in 16ms
 GET /api/socials/friends 404 in 43ms
 GET /api/socials/requests 404 in 34ms
 GET /api/users 404 in 34ms
 GET /api/socials/friends 404 in 29ms
 GET /api/socials/requests 404 in 15ms
 GET /api/users 404 in 13ms
 GET /api/socials/friends 404 in 10ms
 GET /api/socials/requests 404 in 39ms
 GET /api/users 404 in 47ms
 GET /api/socials/friends 404 in 46ms
 GET /api/socials/requests 404 in 38ms
 GET /api/users 404 in 19ms
 GET /api/socials/friends 404 in 32ms
 GET /api/socials/requests 404 in 32ms
 GET /api/users 404 in 32ms
 GET /api/socials/friends 404 in 15ms
 GET /api/socials/requests 404 in 37ms
 GET /api/users 404 in 36ms
 GET /api/socials/friends 404 in 48ms
 GET /api/socials/requests 404 in 46ms
 GET /api/users 404 in 29ms
 GET /api/socials/friends 404 in 38ms
 GET /api/socials/requests 404 in 21ms
 GET /api/users 404 in 21ms
 GET /api/socials/friends 404 in 12ms
 GET /api/socials/requests 404 in 23ms
 GET /api/users 404 in 14ms
 GET /api/socials/friends 404 in 31ms
 GET /api/socials/requests 404 in 26ms
 GET /api/users 404 in 15ms
 GET /api/socials/friends 404 in 33ms
 GET /api/socials/requests 404 in 31ms
 GET /api/users 404 in 24ms
 GET /api/socials/friends 404 in 33ms
 GET /api/socials/requests 404 in 29ms
 GET /api/users 404 in 17ms
 GET /api/socials/friends 404 in 33ms
 GET /api/socials/requests 404 in 32ms
 GET /api/users 404 in 17ms
 GET /api/socials/friends 404 in 29ms
 GET /api/socials/requests 404 in 30ms
 GET /api/users 404 in 19ms
 GET /api/socials/friends 404 in 12ms
 GET /api/socials/requests 404 in 12ms
 GET /api/users 404 in 16ms
 GET /api/socials/friends 404 in 11ms
 GET /api/socials/requests 404 in 27ms
 GET /api/users 404 in 14ms
 GET /api/socials/requests 404 in 32ms
 GET /api/socials/friends 404 in 32ms
 GET /api/users 404 in 21ms
 GET /api/socials/requests 404 in 12ms
 GET /api/socials/friends 404 in 14ms
 GET /api/users 404 in 23ms
 GET /api/socials/requests 404 in 19ms
 GET /api/socials/friends 404 in 14ms
 GET /api/users 404 in 12ms
 GET /api/socials/requests 404 in 30ms
 GET /api/socials/friends 404 in 36ms
 GET /api/users 404 in 22ms
 GET /api/socials/friends 404 in 53ms
 GET /api/socials/requests 404 in 55ms
 GET /api/users 404 in 55ms
 GET /api/socials/friends 404 in 39ms
 GET /api/socials/requests 404 in 43ms
 GET /api/users 404 in 30ms
 ✓ Compiled in 692ms (732 modules)
 GET /social 200 in 20ms
 GET /social 200 in 28ms
 GET /api/socials/friends 404 in 18ms
 GET /api/socials/requests 404 in 36ms
 GET /api/users 404 in 36ms
 GET /api/socials/friends 404 in 30ms
 GET /api/socials/requests 404 in 28ms
 GET /api/users 404 in 69ms
 GET /api/socials/requests 404 in 60ms
 GET /api/socials/friends 404 in 65ms
 GET /api/users 404 in 42ms
 GET /api/socials/friends 404 in 24ms
 GET /api/socials/requests 404 in 56ms
 GET /api/users 404 in 57ms
 GET /api/socials/friends 404 in 41ms
 GET /api/socials/requests 404 in 29ms
 GET /api/users 404 in 30ms
 GET /api/socials/friends 404 in 39ms
 GET /api/users 404 in 24ms
 GET /api/socials/requests 404 in 26ms
 GET /api/socials/friends 404 in 53ms
 GET /api/users 404 in 59ms
 GET /api/socials/requests 404 in 53ms
 GET /api/socials/friends 404 in 18ms
 GET /api/users 404 in 38ms
 GET /api/socials/requests 404 in 52ms
 GET /api/socials/friends 404 in 53ms
 GET /api/socials/requests 404 in 26ms
 GET /api/users 404 in 28ms
 GET /api/socials/friends 404 in 20ms
 GET /api/users 404 in 34ms
 GET /api/socials/requests 404 in 34ms
 GET /api/socials/friends 404 in 42ms
 GET /api/socials/requests 404 in 40ms
 GET /api/users 404 in 32ms
 GET /api/socials/friends 404 in 32ms
 GET /api/socials/requests 404 in 42ms
 GET /api/users 404 in 28ms
 ✓ Compiled in 550ms (732 modules)
 GET /social 200 in 17ms
 GET /api/socials/friends 404 in 49ms
 GET /api/socials/requests 404 in 46ms
 GET /api/users 404 in 46ms
 GET /api/socials/friends 404 in 53ms
 GET /api/users 404 in 59ms
 GET /api/socials/requests 404 in 68ms
 GET /api/socials/friends 404 in 73ms
 GET /api/socials/requests 404 in 62ms
 GET /api/users 404 in 56ms
 GET /api/socials/friends 404 in 36ms
 GET /api/socials/requests 404 in 31ms
 GET /api/users 404 in 19ms
 GET /api/socials/friends 404 in 44ms
 GET /api/users 404 in 32ms
 GET /api/socials/requests 404 in 37ms
 GET /api/socials/friends 404 in 93ms
 GET /api/socials/requests 404 in 78ms
 GET /api/users 404 in 77ms
 GET /api/socials/requests 404 in 43ms
 GET /api/users 404 in 42ms
 GET /api/socials/friends 404 in 35ms
 GET /api/socials/requests 404 in 15ms
 GET /api/users 404 in 29ms
 GET /api/socials/friends 404 in 30ms
 GET /api/socials/requests 404 in 69ms
 GET /api/socials/friends 404 in 36ms
 GET /api/users 404 in 50ms
 GET /api/socials/requests 404 in 20ms
 GET /api/users 404 in 27ms
 GET /api/socials/friends 404 in 16ms
 GET /api/socials/friends 404 in 44ms
 GET /api/users 404 in 43ms
 GET /api/socials/requests 404 in 32ms
 GET /api/socials/friends 404 in 24ms
 GET /api/users 404 in 12ms
 GET /api/socials/requests 404 in 12ms
 GET /api/socials/friends 404 in 61ms
 GET /api/socials/requests 404 in 52ms
 GET /api/users 404 in 54ms
 GET /api/socials/friends 404 in 83ms
 GET /api/users 404 in 95ms
 GET /api/socials/requests 404 in 101ms
 GET /api/socials/friends 404 in 80ms
 GET /api/socials/requests 404 in 66ms
 GET /api/users 404 in 69ms
 GET /api/socials/friends 404 in 36ms
 GET /api/socials/requests 404 in 42ms
 GET /api/users 404 in 38ms
 GET /api/socials/friends 404 in 51ms
 GET /api/users 404 in 42ms
 GET /api/socials/requests 404 in 66ms
 GET /api/socials/friends 404 in 45ms
 GET /api/socials/requests 404 in 41ms
 GET /api/users 404 in 21ms
 GET /api/socials/friends 404 in 113ms
 GET /api/socials/requests 404 in 125ms
 GET /api/users 404 in 116ms
 GET /api/socials/friends 404 in 101ms
 GET /api/socials/requests 404 in 90ms
 GET /api/users 404 in 96ms
 GET /api/socials/requests 404 in 64ms
 GET /api/socials/friends 404 in 69ms
 GET /api/users 404 in 30ms
 GET /api/socials/requests 404 in 52ms
 GET /api/socials/friends 404 in 56ms
 GET /api/users 404 in 20ms
 GET /api/socials/friends 404 in 43ms
 GET /api/socials/requests 404 in 42ms
 GET /api/users 404 in 43ms
 GET /api/socials/friends 404 in 49ms
 GET /api/socials/requests 404 in 24ms
 GET /api/users 404 in 24ms
 GET /api/socials/friends 404 in 33ms
 GET /api/socials/requests 404 in 33ms
 GET /api/users 404 in 28ms
 GET /api/socials/friends 404 in 47ms
 GET /api/socials/requests 404 in 56ms
 GET /api/users 404 in 57ms
 GET /api/socials/friends 404 in 69ms
 GET /api/socials/requests 404 in 59ms
 GET /api/users 404 in 55ms
 GET /api/socials/friends 404 in 45ms
 GET /api/socials/requests 404 in 35ms
 GET /api/users 404 in 20ms
 GET /api/socials/friends 404 in 38ms
 GET /api/users 404 in 26ms
 GET /api/socials/requests 404 in 28ms
 GET /api/socials/friends 404 in 16ms
 GET /api/socials/requests 404 in 26ms
 GET /api/users 404 in 25ms
 GET /api/users 404 in 34ms
 GET /api/socials/requests 404 in 27ms
 GET /api/socials/friends 404 in 38ms
 GET /api/socials/friends 404 in 28ms
 GET /api/users 404 in 30ms
 GET /api/socials/requests 404 in 30ms
 GET /api/socials/friends 404 in 32ms
 GET /api/users 404 in 21ms
 GET /api/socials/requests 404 in 23ms
 GET /api/socials/friends 404 in 53ms
 GET /api/users 404 in 139ms
 GET /api/socials/requests 404 in 125ms
 GET /api/socials/friends 404 in 38ms
 GET /api/socials/requests 404 in 37ms
 GET /api/users 404 in 37ms
 GET /api/socials/friends 404 in 74ms
 GET /api/socials/requests 404 in 66ms
 GET /api/users 404 in 23ms
 GET /api/socials/friends 404 in 37ms
 GET /api/socials/requests 404 in 28ms
 GET /api/users 404 in 30ms
 GET /api/socials/friends 404 in 50ms
 GET /api/socials/requests 404 in 54ms
 GET /api/users 404 in 54ms
 GET /api/socials/friends 404 in 51ms
 GET /api/socials/requests 404 in 29ms
 GET /api/users 404 in 30ms
 GET /api/socials/friends 404 in 12ms
 GET /api/users 404 in 17ms
 GET /api/socials/requests 404 in 17ms
 GET /api/socials/friends 404 in 30ms
 GET /api/socials/requests 404 in 21ms
 GET /api/users 404 in 20ms
 GET /api/socials/friends 404 in 12ms
 GET /api/users 404 in 22ms
 GET /api/socials/requests 404 in 22ms
 GET /api/socials/friends 404 in 35ms
 GET /api/socials/requests 404 in 33ms
 GET /api/users 404 in 16ms
 GET /api/socials/friends 404 in 16ms
 GET /api/users 404 in 24ms
 GET /api/socials/requests 404 in 27ms
 GET /api/socials/friends 404 in 30ms
 GET /api/socials/requests 404 in 60ms
 GET /api/users 404 in 52ms
 GET /api/socials/friends 404 in 50ms
 GET /api/socials/requests 404 in 46ms
 GET /api/users 404 in 22ms
 GET /api/socials/friends 404 in 34ms
 GET /api/socials/requests 404 in 24ms
 GET /api/users 404 in 25ms
 GET /api/socials/friends 404 in 13ms
 GET /api/users 404 in 24ms
 GET /api/socials/requests 404 in 20ms
 GET /api/socials/friends 404 in 34ms
 GET /api/socials/requests 404 in 33ms
 GET /api/users 404 in 24ms
 GET /api/socials/friends 404 in 33ms
 GET /api/socials/requests 404 in 24ms
 GET /api/users 404 in 24ms
 GET /api/socials/friends 404 in 40ms
 GET /api/socials/requests 404 in 29ms
 GET /api/users 404 in 17ms
 GET /api/socials/friends 404 in 24ms
 GET /api/socials/requests 404 in 14ms
 GET /api/users 404 in 12ms
 GET /api/socials/friends 404 in 108ms
 GET /api/socials/requests 404 in 113ms
 GET /api/users 404 in 190ms
 GET /api/socials/friends 404 in 190ms
 GET /api/socials/requests 404 in 181ms
 GET /api/users 404 in 182ms
 GET /api/socials/requests 404 in 49ms
 GET /api/socials/friends 404 in 75ms
 GET /api/users 404 in 46ms
 GET /api/socials/friends 404 in 43ms
 GET /api/users 404 in 35ms
 GET /api/socials/requests 404 in 37ms
 GET /api/users 404 in 78ms
 GET /api/socials/friends 404 in 80ms
 GET /api/socials/requests 404 in 80ms
 GET /api/socials/friends 404 in 35ms
 GET /api/socials/requests 404 in 26ms
 GET /api/users 404 in 25ms
 GET /api/socials/friends 404 in 52ms
 GET /api/socials/requests 404 in 60ms
 GET /api/users 404 in 49ms
 GET /api/socials/friends 404 in 45ms
 GET /api/socials/requests 404 in 39ms
 GET /api/users 404 in 19ms
 ○ Compiling /planner ...
 ✓ Compiled /planner in 933ms (345 modules)
 GET /planner 200 in 983ms
 ✓ Compiled /calendar in 208ms (403 modules)
 GET /calendar 200 in 254ms
 GET /social 200 in 10ms
 GET /api/socials/friends 404 in 94ms
 GET /api/socials/requests 404 in 97ms
 GET /api/users 404 in 103ms
 GET /api/socials/friends 404 in 86ms
 GET /api/socials/requests 404 in 74ms
 GET /api/users 404 in 23ms
 ✓ Compiled in 2s (793 modules)
 GET /social 200 in 48ms
 ✓ Compiled in 708ms (793 modules)
 GET /social 200 in 33ms
 ✓ Compiled in 757ms (790 modules)
 GET /social 200 in 55ms
 GET /api/socials/friends 404 in 91ms
 GET /api/users 404 in 88ms
 GET /social 200 in 17ms
 ✓ Compiled in 701ms (732 modules)
 GET /social 200 in 18ms
 GET /api/socials/requests 404 in 30ms
 GET /api/socials/requests 404 in 16ms
 GET /api/socials/requests 404 in 25ms
 GET /api/socials/requests 404 in 15ms
 GET /api/socials/requests 404 in 19ms
 GET /api/socials/requests 404 in 19ms
 GET /api/socials/friends 404 in 24ms
 GET /api/socials/friends 404 in 22ms
 GET /api/users 404 in 40ms
 GET /api/socials/friends 404 in 19ms
 GET /api/users 404 in 50ms
 GET /api/socials/friends 404 in 35ms
 GET /api/users 404 in 21ms
 GET /api/socials/friends 404 in 48ms
 GET /api/users 404 in 58ms
 GET /api/socials/friends 404 in 40ms
 GET /api/socials/friends 404 in 35ms
 GET /api/users 404 in 34ms
 GET /api/socials/friends 404 in 13ms
 GET /api/users 404 in 11ms
 GET /api/socials/friends 404 in 19ms
 GET /api/users 404 in 17ms
 GET /api/socials/friends 404 in 15ms
 GET /api/users 404 in 11ms
 GET /api/socials/friends 404 in 26ms
 GET /api/users 404 in 25ms
 GET /api/socials/friends 404 in 11ms
 GET /api/users 404 in 18ms
 GET /api/socials/friends 404 in 26ms
 GET /api/users 404 in 25ms
 GET /api/socials/friends 404 in 30ms
 GET /api/users 404 in 20ms
 GET /api/socials/friends 404 in 24ms
 GET /api/users 404 in 23ms
 GET /api/socials/friends 404 in 10ms
 GET /api/users 404 in 10ms
 GET /api/socials/friends 404 in 14ms
 GET /api/users 404 in 11ms
 GET /api/socials/friends 404 in 52ms
 GET /api/users 404 in 55ms
 GET /api/socials/friends 404 in 29ms
 GET /api/users 404 in 22ms
 GET /api/socials/friends 404 in 29ms
 GET /api/users 404 in 20ms
 GET /api/socials/friends 404 in 25ms
 GET /api/users 404 in 16ms
 GET /api/socials/friends 404 in 14ms
 GET /api/users 404 in 24ms
 GET /api/socials/friends 404 in 16ms
 GET /api/users 404 in 25ms
 GET /api/socials/friends 404 in 14ms
 GET /api/users 404 in 10ms
 GET /api/socials/friends 404 in 25ms
 GET /api/users 404 in 24ms
 GET /api/socials/friends 404 in 24ms
 GET /api/users 404 in 16ms
 GET /api/users 404 in 30ms
 GET /api/socials/friends 404 in 22ms
 GET /api/users 404 in 11ms
 GET /api/socials/friends 404 in 12ms
 GET /api/users 404 in 11ms
 GET /api/socials/friends 404 in 14ms
 GET /api/users 404 in 14ms
 GET /api/socials/friends 404 in 13ms
 GET /api/socials/friends 404 in 35ms
 GET /api/users 404 in 35ms
 GET /api/socials/friends 404 in 37ms
 GET /api/users 404 in 17ms
 GET /api/socials/friends 404 in 27ms
 GET /api/users 404 in 20ms
 GET /api/socials/friends 404 in 10ms
 GET /api/users 404 in 15ms
 GET /api/socials/friends 404 in 12ms
 GET /api/users 404 in 10ms
 GET /api/socials/friends 404 in 12ms
 GET /api/users 404 in 90ms
 GET /api/socials/friends 404 in 22ms
 GET /api/users 404 in 22ms
 GET /api/socials/friends 404 in 27ms
 GET /api/users 404 in 14ms
 GET /api/socials/requests 404 in 16ms
 GET /api/socials/requests 404 in 11ms
 GET /api/socials/requests 404 in 13ms
 GET /api/socials/requests 404 in 18ms
 GET /api/socials/friends 404 in 12ms
 GET /api/socials/friends 404 in 13ms
 ✓ Compiled in 1514ms (733 modules)
 GET /social 200 in 36ms
 GET /social 200 in 35ms
 ○ Compiling /_not-found ...
 ✓ Compiled /_not-found in 741ms (722 modules)
 GET /api/socials/requests 404 in 817ms
 GET /api/socials/requests 404 in 40ms
 GET /api/socials/requests 404 in 29ms
 GET /api/socials/requests 404 in 22ms
 ✓ Compiled in 489ms (736 modules)
 GET /social 200 in 19ms
 GET /social 200 in 39ms
 ✓ Compiled in 633ms (733 modules)
 GET /social 200 in 36ms
 ✓ Compiled /_not-found in 163ms (722 modules)
 GET /api/socials/requests 404 in 205ms
 GET /api/socials/requests 404 in 27ms
 GET /api/socials/friends 404 in 24ms
 GET /api/socials/friends 404 in 30ms
 GET /api/users 404 in 47ms
 GET /api/socials/friends 404 in 48ms
 GET /api/users 404 in 18ms
 GET /api/socials/friends 404 in 29ms
 GET /api/users 404 in 28ms
 GET /api/socials/friends 404 in 32ms
 GET /api/users 404 in 15ms
 GET /api/socials/friends 404 in 13ms
 GET /api/socials/friends 404 in 41ms
 GET /api/users 404 in 40ms
 GET /api/socials/friends 404 in 56ms
 GET /api/users 404 in 30ms
 GET /api/users 404 in 25ms
 GET /api/socials/friends 404 in 25ms
 GET /api/users 404 in 34ms
 GET /api/socials/friends 404 in 24ms
 GET /api/users 404 in 34ms
 GET /api/socials/friends 404 in 21ms
 GET /api/users 404 in 12ms
 GET /api/socials/friends 404 in 15ms
 GET /api/socials/friends 404 in 30ms
 GET /api/users 404 in 30ms
 GET /api/socials/friends 404 in 21ms
 GET /api/users 404 in 12ms
 GET /api/socials/friends 404 in 21ms
 GET /api/users 404 in 14ms
 GET /api/socials/friends 404 in 38ms
 GET /api/users 404 in 17ms
 GET /api/socials/friends 404 in 12ms
 GET /api/users 404 in 10ms
 GET /api/socials/friends 404 in 12ms
 GET /api/users 404 in 12ms
 GET /api/socials/friends 404 in 28ms
 GET /api/users 404 in 15ms
 GET /api/socials/friends 404 in 10ms
 GET /api/users 404 in 10ms
 GET /api/socials/friends 404 in 20ms
 GET /api/users 404 in 19ms
 GET /api/socials/friends 404 in 13ms
 GET /api/users 404 in 10ms
 GET /api/socials/friends 404 in 9ms
 GET /api/users 404 in 11ms
 GET /api/socials/friends 404 in 9ms
 GET /api/users 404 in 14ms
 GET /api/users 404 in 26ms
 GET /api/socials/friends 404 in 25ms
 GET /api/users 404 in 11ms
 GET /api/socials/friends 404 in 10ms
 GET /api/socials/friends 404 in 19ms
 GET /api/users 404 in 14ms
 GET /api/socials/friends 404 in 10ms
 GET /api/users 404 in 13ms
 GET /api/socials/friends 404 in 10ms
 GET /api/users 404 in 23ms
 GET /api/socials/friends 404 in 15ms
 GET /api/users 404 in 9ms
 GET /api/socials/friends 404 in 20ms
 GET /api/users 404 in 19ms
 GET /api/socials/friends 404 in 21ms
 GET /api/users 404 in 13ms
 GET /api/users 404 in 20ms
 GET /api/socials/friends 404 in 12ms
 GET /api/users 404 in 35ms
 GET /api/socials/friends 404 in 24ms
 GET /api/users 404 in 48ms
 GET /api/socials/friends 404 in 20ms
 GET /api/users 404 in 14ms
 GET /api/socials/friends 404 in 11ms
 GET /api/socials/friends 404 in 22ms
 GET /api/users 404 in 14ms
 GET /api/socials/friends 404 in 12ms
 GET /api/users 404 in 14ms
 GET /api/users 404 in 23ms
 GET /api/socials/friends 404 in 15ms
 GET /api/users 404 in 20ms
 GET /api/socials/friends 404 in 13ms
 GET /api/users 404 in 13ms
 GET /api/socials/friends 404 in 10ms
 GET /api/users 404 in 11ms
 GET /api/socials/friends 404 in 15ms
 GET /api/socials/friends 404 in 23ms
 GET /api/users 404 in 15ms
 GET /api/socials/friends 404 in 33ms
 GET /api/users 404 in 35ms
 GET /api/socials/friends 404 in 22ms
 GET /api/users 404 in 21ms
 GET /api/socials/friends 404 in 10ms
 GET /api/users 404 in 9ms
 GET /api/socials/friends 404 in 14ms
 GET /api/users 404 in 23ms
 GET /api/socials/friends 404 in 12ms
 GET /api/users 404 in 11ms
 GET /api/socials/friends 404 in 21ms
 GET /api/users 404 in 15ms
 GET /api/socials/friends 404 in 25ms
 GET /api/users 404 in 20ms
 GET /api/users 404 in 21ms
 GET /api/socials/friends 404 in 12ms
 GET /api/users 404 in 14ms
 GET /api/socials/friends 404 in 10ms
 GET /api/users 404 in 10ms
 GET /api/socials/friends 404 in 12ms
 GET /api/users 404 in 13ms
 GET /api/socials/friends 404 in 14ms
 GET /api/socials/friends 404 in 19ms
 GET /api/users 404 in 18ms
 GET /api/socials/friends 404 in 20ms
 GET /api/users 404 in 14ms
 GET /api/users 404 in 31ms
 GET /api/socials/friends 404 in 31ms
 GET /api/users 404 in 9ms
 GET /api/socials/friends 404 in 10ms
 GET /api/users 404 in 9ms
 GET /api/socials/friends 404 in 9ms
 GET /api/users 404 in 18ms
 GET /api/socials/friends 404 in 11ms
 GET /api/socials/friends 404 in 25ms
 GET /api/users 404 in 18ms
 GET /api/socials/friends 404 in 12ms
 GET /api/users 404 in 10ms
 GET /api/socials/requests 404 in 9ms
 GET /api/socials/requests 404 in 14ms
 ✓ Compiled in 752ms (733 modules)
 GET /social 200 in 22ms
 GET /social 200 in 21ms
 ✓ Compiled /_not-found in 271ms (722 modules)
 GET /api/socials/requests 404 in 301ms
 GET /api/socials/requests 404 in 15ms
 GET /api/socials/friends 404 in 11ms
 GET /api/socials/friends 404 in 13ms
 GET /api/socials/requests 404 in 11ms
 GET /api/socials/requests 404 in 16ms
 GET /api/socials/requests 404 in 11ms
 GET /api/socials/requests 404 in 13ms
 GET /api/socials/requests 404 in 15ms
 GET /api/socials/requests 404 in 11ms
 GET /api/socials/friends 404 in 11ms
 GET /api/socials/friends 404 in 14ms
 ✓ Compiled in 460ms (736 modules)
 GET /social 200 in 33ms
 GET /api/users 404 in 181ms
 GET /api/socials/friends 404 in 191ms
 GET /api/socials/friends 404 in 178ms
 GET /api/users 404 in 140ms
 GET /api/socials/friends 404 in 106ms
 GET /api/users 404 in 105ms
 GET /api/socials/friends 404 in 78ms
 GET /api/users 404 in 71ms
 GET /api/socials/friends 404 in 151ms
 GET /api/users 404 in 148ms
 GET /api/socials/friends 404 in 144ms
 GET /api/users 404 in 56ms
 GET /api/socials/friends 404 in 173ms
 GET /api/users 404 in 172ms
 GET /api/users 404 in 93ms
 GET /api/socials/friends 404 in 104ms
 GET /api/socials/friends 404 in 249ms
 GET /api/users 404 in 286ms
 GET /api/socials/friends 404 in 254ms
 GET /api/users 404 in 127ms
 GET /api/socials/friends 404 in 74ms
 GET /api/users 404 in 63ms
 GET /api/socials/friends 404 in 46ms
 GET /api/users 404 in 65ms
 GET /api/socials/friends 404 in 75ms
 GET /api/users 404 in 129ms
 GET /api/socials/friends 404 in 113ms
 GET /api/users 404 in 40ms
 GET /api/socials/friends 404 in 12ms
 GET /api/users 404 in 10ms
 GET /api/socials/friends 404 in 12ms
 GET /api/users 404 in 9ms
 GET /api/socials/friends 404 in 22ms
 GET /api/users 404 in 13ms
 GET /api/socials/friends 404 in 8ms
 GET /api/users 404 in 34ms
 GET /api/socials/friends 404 in 21ms
 GET /api/users 404 in 9ms
 GET /api/socials/friends 404 in 12ms
 GET /api/users 404 in 11ms
 GET /api/socials/friends 404 in 18ms
 GET /api/users 404 in 15ms
 GET /api/socials/friends 404 in 12ms
 GET /api/users 404 in 9ms
 GET /api/socials/friends 404 in 13ms
 GET /api/users 404 in 9ms
 GET /api/socials/friends 404 in 13ms
 GET /api/users 404 in 18ms
 GET /api/socials/friends 404 in 10ms
 GET /api/users 404 in 10ms
 GET /api/socials/friends 404 in 10ms
 GET /api/users 404 in 24ms
 GET /api/socials/friends 404 in 23ms
 GET /api/users 404 in 9ms
 GET /api/socials/friends 404 in 36ms
 GET /api/users 404 in 25ms
 GET /api/socials/friends 404 in 9ms
 GET /api/users 404 in 9ms
 GET /api/socials/friends 404 in 9ms
 GET /api/users 404 in 8ms
 GET /api/socials/friends 404 in 11ms
 GET /api/users 404 in 14ms
 GET /api/socials/friends 404 in 8ms
 GET /api/users 404 in 16ms
 GET /api/socials/friends 404 in 9ms
 GET /api/users 404 in 22ms
 GET /api/socials/friends 404 in 42ms
 GET /api/users 404 in 24ms
 GET /api/socials/friends 404 in 24ms
 GET /api/users 404 in 9ms
 GET /api/socials/friends 404 in 36ms
 GET /api/users 404 in 16ms
 GET /api/socials/friends 404 in 8ms
 GET /api/users 404 in 13ms
 GET /api/socials/friends 404 in 14ms
 GET /api/users 404 in 22ms
 GET /api/socials/friends 404 in 9ms
 GET /api/users 404 in 11ms
 GET /api/socials/friends 404 in 35ms
 GET /api/users 404 in 15ms
 GET /api/socials/friends 404 in 18ms
 GET /api/users 404 in 54ms
 GET /api/socials/friends 404 in 50ms
 GET /api/users 404 in 31ms
 GET /api/socials/friends 404 in 17ms
 GET /api/users 404 in 16ms
 GET /api/socials/friends 404 in 12ms
 GET /api/users 404 in 9ms
 ✓ Compiled in 795ms (736 modules)
 ✓ Compiled in 494ms (736 modules)
 GET /social 200 in 36ms
 GET /api/socials/requests 404 in 11ms
 GET /api/socials/requests 404 in 14ms
 GET /api/socials/friends 404 in 12ms
 GET /api/socials/friends 404 in 14ms
 GET /social 200 in 14ms
 GET /api/socials/friends 404 in 42ms
 GET /api/users 404 in 44ms
 GET /api/socials/requests 404 in 15ms
 GET /api/socials/requests 404 in 13ms
 GET /api/socials/requests 404 in 25ms
 GET /api/socials/requests 404 in 12ms
 GET /api/socials/friends 404 in 16ms
 GET /api/socials/friends 404 in 14ms
 GET /api/socials/friends 404 in 23ms
 GET /api/users 404 in 17ms
 GET /api/socials/friends 404 in 12ms
 GET /api/users 404 in 13ms
 GET /api/socials/friends 404 in 13ms
 GET /api/users 404 in 14ms
 GET /api/socials/friends 404 in 27ms
 GET /api/users 404 in 19ms
 GET /api/users 404 in 20ms
 GET /api/socials/friends 404 in 20ms
 GET /api/socials/friends 404 in 34ms
 GET /api/users 404 in 33ms
 GET /api/socials/requests 404 in 11ms
 GET /api/socials/requests 404 in 11ms
 GET /api/socials/friends 404 in 11ms
 GET /api/socials/friends 404 in 10ms
 GET /api/socials/requests 404 in 10ms
 GET /api/socials/requests 404 in 27ms
 GET /api/socials/friends 404 in 12ms
 GET /api/socials/friends 404 in 10ms
 GET /api/socials/requests 404 in 13ms
 GET /api/socials/requests 404 in 15ms
 GET /api/socials/friends 404 in 12ms
 GET /api/socials/friends 404 in 10ms
 GET /api/users 404 in 10ms
 GET /api/socials/friends 404 in 12ms
 GET /api/socials/friends 404 in 12ms
 GET /api/users 404 in 11ms
 GET /api/socials/friends 404 in 13ms
 GET /api/users 404 in 11ms
 GET /api/socials/friends 404 in 10ms
 GET /api/users 404 in 10ms
 GET /api/socials/friends 404 in 23ms
 GET /api/users 404 in 13ms
 GET /api/socials/friends 404 in 10ms
 GET /api/users 404 in 13ms
 ✓ Compiled /settings in 315ms (347 modules)
 GET /settings 200 in 345ms
 GET /social 200 in 19ms
 GET /api/socials/friends 404 in 20ms
 GET /api/users 404 in 12ms
 GET /api/users 404 in 28ms
 GET /api/socials/friends 404 in 15ms
 ✓ Compiled /planner in 122ms (349 modules)
 GET /planner 200 in 200ms
 GET /social 200 in 11ms
 GET /api/socials/friends 404 in 29ms
 GET /api/users 404 in 28ms
 GET /api/socials/friends 404 in 12ms
 GET /api/users 404 in 10ms
 GET /api/users 404 in 28ms
 GET /api/socials/friends 404 in 27ms
 GET /api/users 404 in 11ms
 GET /api/socials/friends 404 in 13ms
 GET /api/users 404 in 10ms
 GET /api/socials/friends 404 in 10ms
 GET /api/users 404 in 10ms
 GET /api/socials/friends 404 in 15ms
 GET /api/socials/friends 404 in 22ms
 GET /api/users 404 in 21ms
 GET /api/socials/friends 404 in 31ms
 GET /api/users 404 in 19ms
 GET /api/socials/friends 404 in 20ms
 GET /api/users 404 in 20ms
 GET /api/socials/friends 404 in 13ms
 GET /api/users 404 in 12ms
 GET /api/socials/friends 404 in 14ms
 GET /api/users 404 in 37ms
 GET /api/socials/friends 404 in 21ms
 GET /api/users 404 in 26ms
 GET /api/socials/friends 404 in 28ms
 GET /api/users 404 in 16ms
 GET /api/socials/friends 404 in 10ms
 GET /api/users 404 in 14ms
 GET /api/socials/friends 404 in 30ms
 GET /api/users 404 in 20ms
 GET /api/socials/friends 404 in 25ms
 GET /api/users 404 in 21ms
 GET /api/socials/friends 404 in 19ms
 GET /api/users 404 in 54ms
 GET /api/socials/friends 404 in 27ms
 GET /api/users 404 in 16ms
 GET /api/socials/friends 404 in 28ms
 GET /api/users 404 in 28ms
 GET /api/socials/friends 404 in 15ms
 GET /api/users 404 in 13ms
 GET /api/users 404 in 24ms
 GET /api/socials/friends 404 in 18ms
 GET /api/users 404 in 23ms
 GET /api/socials/friends 404 in 22ms
 GET /api/users 404 in 34ms
 GET /api/socials/friends 404 in 27ms
 GET /api/users 404 in 39ms
 GET /api/socials/friends 404 in 20ms
 GET /api/socials/friends 404 in 27ms
 GET /api/users 404 in 26ms
 GET /api/socials/friends 404 in 25ms
 GET /api/users 404 in 14ms
 GET /api/users 404 in 23ms
 GET /api/socials/friends 404 in 25ms
 GET /api/socials/friends 404 in 11ms
 GET /api/users 404 in 10ms
 GET /api/socials/friends 404 in 10ms
 GET /api/users 404 in 16ms
 GET /api/socials/friends 404 in 10ms
 GET /api/users 404 in 11ms
 GET /api/socials/friends 404 in 26ms
 GET /api/users 404 in 24ms
 GET /api/socials/friends 404 in 21ms
 GET /api/users 404 in 17ms
 GET /api/socials/friends 404 in 21ms
 GET /api/users 404 in 16ms
 GET /api/socials/friends 404 in 9ms
 GET /api/users 404 in 17ms
 GET /api/socials/friends 404 in 13ms
 GET /api/users 404 in 10ms
 GET /api/socials/friends 404 in 8ms
 GET /api/users 404 in 11ms
 GET /api/socials/friends 404 in 23ms
 GET /api/users 404 in 23ms
 GET /api/socials/friends 404 in 12ms
 GET /api/users 404 in 9ms
 GET /api/socials/friends 404 in 25ms
 GET /api/users 404 in 18ms
 GET /api/socials/friends 404 in 10ms
 GET /api/users 404 in 9ms
 GET /api/socials/friends 404 in 11ms
 GET /api/users 404 in 12ms
 GET /api/socials/friends 404 in 10ms
 GET /api/users 404 in 13ms
 GET /api/users 404 in 22ms
 GET /api/socials/friends 404 in 22ms
 GET /api/users 404 in 25ms
 GET /api/socials/friends 404 in 16ms
 GET /api/users 404 in 18ms
 GET /api/socials/friends 404 in 21ms
 GET /api/socials/friends 404 in 11ms
 GET /api/users 404 in 12ms
 GET /api/socials/friends 404 in 10ms
 GET /api/users 404 in 11ms
 GET /api/socials/friends 404 in 10ms
 GET /api/users 404 in 56ms
 GET /api/socials/friends 404 in 24ms
 GET /api/users 404 in 23ms
 GET /api/socials/friends 404 in 15ms
 GET /api/users 404 in 13ms
 ✓ Compiled in 881ms (736 modules)
 GET /social 200 in 32ms
 ✓ Compiled /planner in 233ms (346 modules)
 GET /planner 200 in 319ms
 GET /social 200 in 8ms
 ✓ Compiled /_not-found in 339ms (725 modules)
 GET /api/users 404 in 169ms
 GET /api/socials/friends 404 in 396ms
 GET /api/socials/friends 404 in 37ms
 GET /api/users 404 in 36ms
 ✓ Compiled /settings in 131ms (349 modules)
 GET /settings 200 in 157ms
 ○ Compiling /calendar ...
 ✓ Compiled /calendar in 634ms (407 modules)
 GET /calendar 200 in 668ms
 GET / 200 in 10ms
 GET /planner 200 in 8ms
 GET /social 200 in 10ms
 GET /api/socials/friends 404 in 34ms
 GET /api/users 404 in 16ms
 GET /api/users 404 in 46ms
 GET /api/socials/friends 404 in 24ms
 GET /api/users 404 in 53ms
 GET /api/socials/friends 404 in 41ms
 GET /api/users 404 in 16ms
 GET /api/users 404 in 47ms
 GET /api/socials/friends 404 in 27ms
 GET /api/users 404 in 18ms
 GET /api/socials/friends 404 in 22ms
 GET /api/socials/friends 404 in 11ms
 GET /api/socials/friends 404 in 31ms
 GET /api/users 404 in 19ms
 GET /api/socials/friends 404 in 32ms
 GET /api/users 404 in 19ms
 GET /api/socials/friends 404 in 22ms
 GET /api/users 404 in 23ms
 GET /api/socials/friends 404 in 22ms
 GET /api/users 404 in 22ms
 GET /api/socials/friends 404 in 25ms
 GET /api/users 404 in 15ms
 GET /api/socials/friends 404 in 11ms
 GET /api/users 404 in 19ms
 GET /api/socials/friends 404 in 22ms
 GET /api/users 404 in 14ms
 GET /api/socials/friends 404 in 25ms
 GET /api/users 404 in 23ms
 GET / 200 in 8ms
 GET /calendar 200 in 7ms
 GET /social 200 in 39ms
 GET /api/socials/friends 404 in 36ms
 GET /api/users 404 in 44ms
 GET /api/socials/friends 404 in 47ms
 GET /api/users 404 in 34ms
 GET /planner 200 in 8ms
 GET /calendar 200 in 8ms
 GET / 200 in 34ms
 GET /social 200 in 9ms
 GET /api/users 404 in 61ms
 GET /api/socials/friends 404 in 64ms
 GET /api/socials/friends 404 in 31ms
 GET /api/users 404 in 18ms
 GET /api/socials/friends 404 in 14ms
 GET /api/users 404 in 17ms
 GET /api/socials/friends 404 in 17ms
 GET /api/users 404 in 35ms
 GET /api/users 404 in 12ms
 GET /api/users 404 in 13ms
 GET /api/socials/friends 404 in 19ms
 GET /api/socials/friends 404 in 13ms
 GET /api/socials/friends 404 in 39ms
 GET /api/users 404 in 30ms
 GET /api/socials/friends 404 in 16ms
 GET /api/users 404 in 10ms
 GET /planner 200 in 10ms
 GET /calendar 200 in 7ms
 GET / 200 in 7ms
 ✓ Compiled in 340ms (390 modules)
 ✓ Compiled in 536ms (390 modules)
 GET / 200 in 397ms
 GET / 200 in 9ms
 ✓ Compiled in 1834ms (799 modules)
 GET / 200 in 49ms
 ✓ Compiled in 205ms (394 modules)
 GET / 200 in 34ms
 ✓ Compiled in 314ms (394 modules)
 GET / 200 in 13ms
 ✓ Compiled in 823ms (799 modules)
 GET / 200 in 20ms
 ✓ Compiled in 757ms (801 modules)
 GET / 200 in 15ms
 ✓ Compiled /_not-found in 221ms (790 modules)
 GET /social 404 in 466ms
[?25h
